../Core/Src/main.c:37:5:_write	24	static
../Core/Src/main.c:43:5:send_to_uart2	144	static
../Core/Src/main.c:54:5:send_to_bluetooth	144	static
../Core/Src/main.c:78:5:main	232	static
../Core/Src/main.c:202:6:HAL_UART_RxCpltCallback	16	static
../Core/Src/main.c:209:6:I2C_Scanner	16	static
../Core/Src/main.c:223:6:SystemClock_Config	96	static
../Core/Src/main.c:279:6:MX_I2C1_Init	8	static
../Core/Src/main.c:311:6:MX_USART1_UART_Init	8	static
../Core/Src/main.c:334:6:MX_USART2_UART_Init	8	static
../Core/Src/main.c:357:6:MX_GPIO_Init	40	static
../Core/Src/main.c:384:6:Error_Handler	4	static,ignoring_inline_asm
